../Core/Src/main.c:67:5:__io_putchar	16	static
../Core/Src/main.c:78:7:calc_pwm	24	static
../Core/Src/main.c:85:6:HAL_TIM_PeriodElapsedCallback	16	static
../Core/Src/main.c:93:6:HAL_TIM_IC_CaptureCallback	16	static
../Core/Src/main.c:112:5:main	40	static
../Core/Src/main.c:197:6:SystemClock_Config	96	static
../Core/Src/main.c:248:13:MX_TIM3_Init	56	static
../Core/Src/main.c:297:13:MX_TIM4_Init	64	static
../Core/Src/main.c:361:13:MX_USART2_UART_Init	8	static
../Core/Src/main.c:396:13:MX_GPIO_Init	40	static
../Core/Src/main.c:431:6:Error_Handler	4	static,ignoring_inline_asm
